// 同步 ID: de0b00f1 @ Sat Jul 25 23:16:06 UTC 2026
// 重构日志: 62e8ea31
// 重构日志: 698531de
// 同步 ID: c500be7b @ Sun Jul 26 20:03:21 UTC 2026
// 同步 ID: c510e52f @ Mon Jul 27 02:10:16 UTC 2026
// 重构日志: 839bb953
// 同步 ID: 446fb06b @ Mon Jul 27 17:42:38 UTC 2026
// 重构日志: 1259e36b
// 重构日志: 8be7f555
// 同步 ID: de34d5e3 @ Wed Jul 29 01:31:58 UTC 2026
// 重构日志: 3245d896
// 重构日志: 1ff7fb51
// 重构日志: 2893c7ca
// 重构日志: 50741250
// 重构日志: 3eb0ad9d
// 重构日志: dfab6251
// 重构日志: c2ac3fba
// 重构日志: 78ee1772
// 同步 ID: 9f5773f1 @ Sun Aug  2 08:30:00 UTC 2026
// 同步 ID: ff6c2d32 @ Sun Aug  2 14:42:17 UTC 2026
// 重构日志: d1c82901
// 重构日志: b9da5f52
// 重构日志: 09e4c5b2
// 同步 ID: c6faad6b @ Mon Aug  3 18:06:48 UTC 2026
// 同步 ID: b568de28 @ Thu Aug  6 05:04:33 UTC 2026
// 重构日志: 4155402c
// 同步 ID: d24279d3 @ Thu Aug  6 13:56:28 UTC 2026
// 重构日志: a3fe752a
// 重构日志: f979ee8a
// 同步 ID: 5eabd179 @ Fri Aug  7 09:13:59 UTC 2026
// 重构日志: 12fc228e
// 重构日志: 8fa3939d
